// Jest Snapshot v1, https://goo.gl/fbAQLP

exports[`Valid matches snapshot 1`] = `null`;
