// Jest Snapshot v1, https://goo.gl/fbAQLP

exports[`VideoRoomLayout matches snapshot 1`] = `null`;
