// Jest Snapshot v1, https://goo.gl/fbAQLP

exports[`Main matches snapshot 1`] = `null`;
